<?xml version="1.0" encoding="utf-8"?>
<manifest>
  <application>
    <activity android:allowTaskReparenting="false" android:alwaysRetainTaskState="false" android:clearTaskOnLaunch="false" android:configChanges="mcc|mnc|locale|touchscreen|keyboard|keyboardHidden|navigation|screenLayout|fontScale|uiMode|orientation|screenSize|smallestScreenSize" android:enabled="true" android:excludeFromRecents="false" android:exported="true" android:finishOnTaskLaunch="false" android:hardwareAccelerated="false" android:icon="@drawable/icon" android:label="Test Activity 1" android:launchMode="standard" android:multiprocess="false" android:name="TestActivity1" android:noHistory="false" android:parentActivityName="com.example.myfirstapp.MainActivity" android:permission="somePermission" android:process="someProcess" android:screenOrientation="landscape" android:stateNotNeeded="false" android:taskAffinity="testAffinity" android:theme="mytheme" android:uiOptions="none" android:windowSoftInputMode="stateVisible|adjustResize">
      <meta-data android:name="zooVal" android:value="@string/kangaroo"/>
      <meta-data android:name="zooRes" android:resource="@string/kangaroo"/>
    </activity>
    <activity android:allowTaskReparenting="false" android:alwaysRetainTaskState="false" android:clearTaskOnLaunch="false" android:configChanges="mcc|mnc|locale|touchscreen|keyboard|keyboardHidden|navigation|screenLayout|fontScale|uiMode|orientation|screenSize|smallestScreenSize" android:enabled="true" android:excludeFromRecents="false" android:exported="true" android:finishOnTaskLaunch="false" android:hardwareAccelerated="false" android:icon="@drawable/icon" android:label="Test Activity 2" android:launchMode="standard" android:multiprocess="false" android:name="TestActivity2" android:noHistory="false" android:parentActivityName="com.example.myfirstapp.MainActivity" android:permission="somePermission" android:process="someProcess" android:screenOrientation="landscape" android:stateNotNeeded="false" android:taskAffinity="testAffinity" android:theme="mytheme" android:uiOptions="none" android:windowSoftInputMode="stateVisible|adjustResize">
      <meta-data android:name="zooVal2" android:value="@string/kangaroo2"/>
      <meta-data android:name="zooRes2" android:resource="@string/kangaroo2"/>
    </activity>
  </application>
</manifest>
