<?xml version="1.0" encoding="utf-8"?>
<manifest>
  <uses-configuration android:reqFiveWayNav="true" android:reqKeyboardType="qwerty" android:reqTouchScreen="finger"/>
  <uses-configuration android:reqFiveWayNav="true" android:reqKeyboardType="twelvekey" android:reqTouchScreen="finger"/>
</manifest>
